[{"FormatVersion":16,"FeatureVersion":9,"FileMatches":[[{"Score":0,"Debug":"","FileName":"main.go","Repository":"","Branches":null,"LineMatches":[{"Line":"ZnVuYyBtYWluKCkgew==","LineStart":69,"LineEnd":82,"LineNumber":10,"FileName":false,"Score":501,"LineFragments":[{"LineOffset":0,"Offset":69,"MatchLength":9,"SymbolInfo":null}]}],"Content":null,"Checksum":null,"Language":"go","SubRepositoryName":"","SubRepositoryPath":"","Version":""}],[{"Score":0,"Debug":"","FileName":"main.go","Repository":"","Branches":null,"LineMatches":[{"Line":"cGFja2FnZSBtYWlu","LineStart":0,"LineEnd":12,"LineNumber":1,"FileName":false,"Score":501,"LineFragments":[{"LineOffset":0,"Offset":0,"MatchLength":7,"SymbolInfo":null}]}],"Content":null,"Checksum":null,"Language":"go","SubRepositoryName":"","SubRepositoryPath":"","Version":""}],[{"Score":0,"Debug":"","FileName":"main.go","Repository":"","Branches":null,"LineMatches":[{"Line":"CW51bSAgICAgPSA1","LineStart":34,"LineEnd":46,"LineNumber":6,"FileName":false,"Score":7501,"LineFragments":[{"LineOffset":1,"Offset":35,"MatchLength":3,"SymbolInfo":{"Sym":"num","Kind":"var","Parent":"main","ParentKind":"package"}}]}],"Content":null,"Checksum":null,"Language":"go","SubRepositoryName":"","SubRepositoryPath":"","Version":""}],[{"Score":0,"Debug":"","FileName":"main.go","Repository":"","Branches":null,"LineMatches":[{"Line":"CW1lc3NhZ2UgPSAiaGVsbG8i","LineStart":47,"LineEnd":65,"LineNumber":7,"FileName":false,"Score":5551,"LineFragments":[{"LineOffset":4,"Offset":51,"MatchLength":4,"SymbolInfo":{"Sym":"message","Kind":"var","Parent":"main","ParentKind":"package"}}]}],"Content":null,"Checksum":null,"Language":"go","SubRepositoryName":"","SubRepositoryPath":"","Version":""}]]},{"FormatVersion":15,"FeatureVersion":8,"FileMatches":[[{"Score":0,"Debug":"","FileName":"main.go","Repository":"","Branches":null,"LineMatches":[{"Line":"ZnVuYyBtYWluKCkgew==","LineStart":69,"LineEnd":82,"LineNumber":10,"FileName":false,"Score":501,"LineFragments":[{"LineOffset":0,"Offset":69,"MatchLength":9,"SymbolInfo":null}]}],"Content":null,"Checksum":null,"Language":"","SubRepositoryName":"","SubRepositoryPath":"","Version":""}],[{"Score":0,"Debug":"","FileName":"main.go","Repository":"","Branches":null,"LineMatches":[{"Line":"cGFja2FnZSBtYWlu","LineStart":0,"LineEnd":12,"LineNumber":1,"FileName":false,"Score":501,"LineFragments":[{"LineOffset":0,"Offset":0,"MatchLength":7,"SymbolInfo":null}]}],"Content":null,"Checksum":null,"Language":"","SubRepositoryName":"","SubRepositoryPath":"","Version":""}],[],[]]},{"FormatVersion":16,"FeatureVersion":9,"FileMatches":[[{"Score":0,"Debug":"","FileName":"main.go","Repository":"","Branches":null,"LineMatches":[{"Line":"ZnVuYyBtYWluKCkgew==","LineStart":69,"LineEnd":82,"LineNumber":10,"FileName":false,"Score":501,"LineFragments":[{"LineOffset":0,"Offset":69,"MatchLength":9,"SymbolInfo":null}]}],"Content":null,"Checksum":null,"Language":"","SubRepositoryName":"","SubRepositoryPath":"","Version":""}],[{"Score":0,"Debug":"","FileName":"main.go","Repository":"","Branches":null,"LineMatches":[{"Line":"cGFja2FnZSBtYWlu","LineStart":0,"LineEnd":12,"LineNumber":1,"FileName":false,"Score":501,"LineFragments":[{"LineOffset":0,"Offset":0,"MatchLength":7,"SymbolInfo":null}]}],"Content":null,"Checksum":null,"Language":"","SubRepositoryName":"","SubRepositoryPath":"","Version":""}],[],[]]}]
